Microchip MPLAB XC8 Compiler V2.36

Linker command line:

-W-3 --edf=C:\Program Files\Microchip\xc8\v2.36\pic\dat\en_msgs.txt -cn \
  -h+dist/default/production\PRUEBA_LM35.X.production.sym \
  --cmf=dist/default/production\PRUEBA_LM35.X.production.cmf -z -Q18F45K50 \
  -oC:\Users\Alumnos\AppData\Local\Temp\xcAs9tg.4 --defsym=__MPLAB_BUILD=1 \
  -Mdist/default/production/PRUEBA_LM35.X.production.map \
  --md=C:\Users\Alumnos\AppData\Local\Temp\xcAs9tg.dat -E1 \
  -ver=XC8 Compiler --acfsm=1493 -ACODE=00h-07FFFh -ACONST=00h-07FFFh \
  -ASMALLCONST=0800h-08FFhx120 -AMEDIUMCONST=0800h-07FFFh -ACOMRAM=01h-05Fh \
  -AABS1=00h-07FFh -ABIGRAM=01h-07FFh -ARAM=060h-0FFh,0100h-01FFhx7 \
  -ABANK0=060h-0FFh -ABANK1=0100h-01FFh -ABANK2=0200h-02FFh \
  -ABANK3=0300h-03FFh -ABANK4=0400h-04FFh -ABANK5=0500h-05FFh \
  -ABANK6=0600h-06FFh -ABANK7=0700h-07FFh -ASFR=0F53h-0F5Fh,0F60h-0FFFh \
  -ABIGSFR=0F53h-0FFFh -ACONFIG=0300000h-030000Dh -AIDLOC=0200000h-0200007h \
  -AEEDATA=0F00000h-0F000FFh -peeprom_data=EEDATA \
  -preset_vec=00h,intcode=08h,intcodelo,powerup,init -pramtop=0800h \
  -psmallconst=SMALLCONST -pmediumconst=MEDIUMCONST -pconst=CONST \
  -AFARRAM=00h-00h \
  -prdata=COMRAM,nvrram=COMRAM,nvbit=COMRAM,rbss=COMRAM,rbit=COMRAM \
  -pfarbss=FARRAM,fardata=FARRAM,nvFARRAM=FARRAM \
  -pintsave_regs=BIGRAM,bigbss=BIGRAM,bigdata=BIGRAM -pbss=RAM \
  -pidata=CODE,irdata=CODE,ibigdata=CODE,ifardata=CODE -prparam=COMRAM \
  C:\Users\Alumnos\AppData\Local\Temp\xcAs9tg.o \
  dist/default/production\PRUEBA_LM35.X.production.o 

Object code version is 3.11

Machine type is 18F45K50



                Name                               Link     Load   Length Selector   Space Scale
C:\Users\Alumnos\AppData\Local\Temp\xcAs9tg.o
                idloc                            200000   200000        8        0       5
                config                           300000   300000        E        0       4
                init                                 BA       BA        4        4       0
                reset_vec                             0        0        4        0       0
dist/default/production\PRUEBA_LM35.X.production.o
                intcode                               8        8       B2        4       0
                idloc                            200000   200000        8        0       5
                config                           300000   300000        E        0       4
                temp                                 1A       1A        1        1       1
                smallconst                          800      800       18      400       0
                text17                              CAA      CAA       1C      40C       0
                text16                              99E      99E       72      40C       0
                text15                              BF2      BF2       34      40C       0
                text14                              B84      B84       3A      40C       0
                text13                              AC6      AC6       4A      40C       0
                text12                              BBE      BBE       34      40C       0
                text11                              B4A      B4A       3A      40C       0
                text10                              CE8      CE8        8      40C       0
                text9                               CE0      CE0        8      40C       0
                text8                               C56      C56       30      40C       0
                text7                               A74      A74       52      40C       0
                text6                               C26      C26       30      40C       0
                text5                               B10      B10       3A      40C       0
                text4                               92A      92A       74      40C       0
                text3                               A10      A10       64      40C       0
                text2                               818      818       8A      40C       0
                text1                               C86      C86       24      40C       0
                text0                               8A2      8A2       88      40C       0
                cstackCOMRAM                          1        1       12        1       1
                bssCOMRAM                            13       13        7        1       1
                cinit                               CC6      CC6       1A      40C       0

TOTAL           Name                               Link     Load   Length     Space
        CLASS   CODE           
                intcode                               8        8       B2         0
                init                                 BA       BA        4         0
                reset_vec                             0        0        4         0
                text17                              CAA      CAA       1C         0
                text16                              99E      99E       72         0
                text15                              BF2      BF2       34         0
                text14                              B84      B84       3A         0
                text13                              AC6      AC6       4A         0
                text12                              BBE      BBE       34         0
                text11                              B4A      B4A       3A         0
                text10                              CE8      CE8        8         0
                text9                               CE0      CE0        8         0
                text8                               C56      C56       30         0
                text7                               A74      A74       52         0
                text6                               C26      C26       30         0
                text5                               B10      B10       3A         0
                text4                               92A      92A       74         0
                text3                               A10      A10       64         0
                text2                               818      818       8A         0
                text1                               C86      C86       24         0
                text0                               8A2      8A2       88         0
                cinit                               CC6      CC6       1A         0

        CLASS   CONST          

        CLASS   SMALLCONST     
                smallconst                          800      800       18         0

        CLASS   MEDIUMCONST    

        CLASS   COMRAM         
                temp                                 1A       1A        1         1
                cstackCOMRAM                          1        1       12         1
                bssCOMRAM                            13       13        7         1

        CLASS   ABS1           

        CLASS   BIGRAM         

        CLASS   RAM            

        CLASS   BANK0          

        CLASS   BANK1          

        CLASS   BANK2          

        CLASS   BANK3          

        CLASS   BANK4          

        CLASS   BANK5          

        CLASS   BANK6          

        CLASS   BANK7          

        CLASS   SFR            

        CLASS   BIGSFR         

        CLASS   CONFIG         
                config                           300000   300000        E         4

        CLASS   IDLOC          
                idloc                            200000   200000        8         5

        CLASS   EEDATA         

        CLASS   FARRAM         

        CLASS   HEAP           

        CLASS   STACK          



SEGMENTS        Name                           Load    Length   Top    Selector   Space  Class

                reset_vec                      000000  000004  000004         0       0  CODE    
                cstackCOMRAM                   000001  00001A  00001B         1       1  COMRAM  
                intcode                        000008  0000B6  0000BE         4       0  CODE    
                smallconst                     000800  000018  000818       400       0  SMALLCON
                text2                          000818  0004D8  000CF0       40C       0  CODE    


UNUSED ADDRESS RANGES

        Name                Unused          Largest block    Delta
        BANK0            000060-0000FF               A0
        BANK1            000100-0001FF              100
        BANK2            000200-0002FF              100
        BANK3            000300-0003FF              100
        BANK4            000400-0004FF              100
        BANK5            000500-0005FF              100
        BANK6            000600-0006FF              100
        BANK7            000700-0007FF              100
        BIGRAM           00001B-0007FF              7E5
        BIGSFR           000F53-000FFF               AD
        CODE             000004-000007                4
                         0000BE-0007FF              742
                         000CF0-007FFF             7310
        COMRAM           00001B-00005F               45
        CONST            000004-000007                4
                         0000BE-0007FF              742
                         000CF0-007FFF             7310
        EEDATA           F00000-F000FF              100
        MEDIUMCONST      000CF0-007FFF             7310
        RAM              000060-0007FF              100
        SFR              000F53-000FFF                D
        SMALLCONST       000CF0-007FFF              100

                                  Symbol Table

?___lwdiv                 cstackCOMRAM 000008
?___lwmod                 cstackCOMRAM 000003
?_strlen                  cstackCOMRAM 000003
?_tomamuestra_ADC         cstackCOMRAM 000003
CURSOR_ONOFF@estado       cstackCOMRAM 000006
ENVIA_CHAR@aux            cstackCOMRAM 000005
ENVIA_CHAR@dato           cstackCOMRAM 000004
ENVIA_LCD_CMD@aux         cstackCOMRAM 000005
ENVIA_LCD_CMD@dato        cstackCOMRAM 000004
ENVIA_NIBBLE@dato         cstackCOMRAM 000003
ESCRIBE_MENSAJE2@cadena   cstackCOMRAM 000007
ESCRIBE_MENSAJE2@i        cstackCOMRAM 00000C
ESCRIBE_MENSAJE2@tam      cstackCOMRAM 00000B
LEER_LCD@aux              cstackCOMRAM 000003
POS_CURSOR@columna        cstackCOMRAM 000006
POS_CURSOR@fila           cstackCOMRAM 000007
_ADCON0bits               (abs)        000FC2
_ADRESH                   (abs)        000FC4
_ADRESL                   (abs)        000FC3
_ANSELAbits               (abs)        000F5B
_ANSELBbits               (abs)        000F5C
_ANSELD                   (abs)        000F5E
_BORRAR_LCD               text10       000CE8
_CCP1CON                  (abs)        000FBD
_CCPR1L                   (abs)        000FBE
_CURSOR_HOME              text9        000CE0
_CURSOR_ONOFF             text8        000C56
_ENVIA_CHAR               text15       000BF2
_ENVIA_LCD_CMD            text12       000BBE
_ENVIA_NIBBLE             text17       000CAA
_ESCRIBE_MENSAJE2         text13       000AC6
_INT0_ISR                 intcode      000008
_INTCON2bits              (abs)        000FF1
_INTCONbits               (abs)        000FF2
_LATD                     (abs)        000F8C
_LATDbits                 (abs)        000F8C
_LCD_CONFIG               text7        000A74
_LCD_INIT                 text6        000C26
_LEER_LCD                 text16       00099E
_OSCCON                   (abs)        000FD3
_PORTD                    (abs)        000F83
_POS_CURSOR               text11       000B4A
_PR2                      (abs)        000FBB
_T2CON                    (abs)        000FBA
_TRISAbits                (abs)        000F92
_TRISBbits                (abs)        000F93
_TRISD                    (abs)        000F95
_WPUBbits                 (abs)        000F85
__HRAM                    (abs)        000000
__Habs1                   abs1         000000
__Hbank0                  bank0        000000
__Hbank1                  bank1        000000
__Hbank2                  bank2        000000
__Hbank3                  bank3        000000
__Hbank4                  bank4        000000
__Hbank5                  bank5        000000
__Hbank6                  bank6        000000
__Hbank7                  bank7        000000
__Hbigbss                 bigbss       000000
__Hbigdata                bigdata      000000
__Hbigram                 bigram       000000
__Hbigsfr                 bigsfr       000000
__Hbss                    bss          000000
__HbssCOMRAM              bssCOMRAM    000000
__Hcinit                  cinit        000000
__Hclrtext                clrtext      000000
__Hcomram                 comram       000000
__Hconfig                 config       30000E
__Hconst                  const        000000
__HcstackCOMRAM           cstackCOMRAM 000000
__Hdata                   data         000000
__Heeprom_data            eeprom_data  000000
__Hfarbss                 farbss       000000
__Hfardata                fardata      000000
__Hheap                   heap         000000
__Hibigdata               ibigdata     000000
__Hidata                  idata        000000
__Hidloc                  idloc        200008
__Hifardata               ifardata     000000
__Hinit                   init         0000BE
__Hintcode                intcode      0000BA
__Hintcode_body           intcode_body 000000
__Hintcodelo              intcodelo    0000BA
__Hintentry               intentry     000000
__Hintret                 intret       000000
__Hintsave_regs           intsave_regs 000000
__Hirdata                 irdata       000000
__Hmediumconst            mediumconst  000000
__HnvFARRAM               nvFARRAM     000000
__Hnvbit                  nvbit        000000
__Hnvrram                 nvrram       000000
__Hparam                  rparam       000000
__Hpowerup                powerup      0000BA
__Hram                    ram          000000
__Hramtop                 ramtop       000800
__Hrbit                   rbit         000000
__Hrbss                   rbss         000000
__Hrdata                  rdata        000000
__Hreset_vec              reset_vec    000004
__Hrparam                 rparam       000000
__Hsfr                    sfr          000000
__Hsmallconst             smallconst   000818
__Hspace_0                (abs)        000CF0
__Hspace_1                (abs)        00001B
__Hspace_2                (abs)        000000
__Hspace_4                (abs)        60000E
__Hstack                  stack        000000
__Hstruct                 struct       000000
__Htemp                   temp         00001B
__Htext                   text         000000
__Htext0                  text0        000000
__Htext1                  text1        000000
__Htext10                 text10       000000
__Htext11                 text11       000000
__Htext12                 text12       000000
__Htext13                 text13       000000
__Htext14                 text14       000000
__Htext15                 text15       000000
__Htext16                 text16       000000
__Htext17                 text17       000000
__Htext2                  text2        000000
__Htext3                  text3        000000
__Htext4                  text4        000000
__Htext5                  text5        000000
__Htext6                  text6        000000
__Htext7                  text7        000000
__Htext8                  text8        000000
__Htext9                  text9        000000
__LRAM                    (abs)        000001
__Labs1                   abs1         000000
__Lbank0                  bank0        000000
__Lbank1                  bank1        000000
__Lbank2                  bank2        000000
__Lbank3                  bank3        000000
__Lbank4                  bank4        000000
__Lbank5                  bank5        000000
__Lbank6                  bank6        000000
__Lbank7                  bank7        000000
__Lbigbss                 bigbss       000000
__Lbigdata                bigdata      000000
__Lbigram                 bigram       000000
__Lbigsfr                 bigsfr       000000
__Lbss                    bss          000000
__LbssCOMRAM              bssCOMRAM    000000
__Lcinit                  cinit        000000
__Lclrtext                clrtext      000000
__Lcomram                 comram       000000
__Lconfig                 config       000000
__Lconst                  const        000000
__LcstackCOMRAM           cstackCOMRAM 000000
__Ldata                   data         000000
__Leeprom_data            eeprom_data  000000
__Lfarbss                 farbss       000000
__Lfardata                fardata      000000
__Lheap                   heap         000000
__Libigdata               ibigdata     000000
__Lidata                  idata        000000
__Lidloc                  idloc        000000
__Lifardata               ifardata     000000
__Linit                   init         0000BA
__Lintcode                intcode      000008
__Lintcode_body           intcode_body 000000
__Lintcodelo              intcodelo    0000BA
__Lintentry               intentry     000000
__Lintret                 intret       000000
__Lintsave_regs           intsave_regs 000000
__Lirdata                 irdata       000000
__Lmediumconst            mediumconst  000000
__LnvFARRAM               nvFARRAM     000000
__Lnvbit                  nvbit        000000
__Lnvrram                 nvrram       000000
__Lparam                  rparam       000000
__Lpowerup                powerup      0000BA
__Lram                    ram          000000
__Lramtop                 ramtop       000800
__Lrbit                   rbit         000000
__Lrbss                   rbss         000000
__Lrdata                  rdata        000000
__Lreset_vec              reset_vec    000000
__Lrparam                 rparam       000000
__Lsfr                    sfr          000000
__Lsmallconst             smallconst   000800
__Lspace_0                (abs)        000000
__Lspace_1                (abs)        000000
__Lspace_2                (abs)        000000
__Lspace_4                (abs)        000000
__Lstack                  stack        000000
__Lstruct                 struct       000000
__Ltemp                   temp         00001A
__Ltext                   text         000000
__Ltext0                  text0        000000
__Ltext1                  text1        000000
__Ltext10                 text10       000000
__Ltext11                 text11       000000
__Ltext12                 text12       000000
__Ltext13                 text13       000000
__Ltext14                 text14       000000
__Ltext15                 text15       000000
__Ltext16                 text16       000000
__Ltext17                 text17       000000
__Ltext2                  text2        000000
__Ltext3                  text3        000000
__Ltext4                  text4        000000
__Ltext5                  text5        000000
__Ltext6                  text6        000000
__Ltext7                  text7        000000
__Ltext8                  text8        000000
__Ltext9                  text9        000000
__S0                      (abs)        000CF0
__S1                      (abs)        00001B
__S4                      (abs)        000000
__S5                      (abs)        000000
___heap_hi                (abs)        000000
___heap_lo                (abs)        000000
___inthi_sp               stack        000000
___intlo_sp               stack        000000
___lwdiv                  text4        00092A
___lwdiv@counter          cstackCOMRAM 00000E
___lwdiv@dividend         cstackCOMRAM 000008
___lwdiv@divisor          cstackCOMRAM 00000A
___lwdiv@quotient         cstackCOMRAM 00000C
___lwmod                  text3        000A10
___lwmod@counter          cstackCOMRAM 000007
___lwmod@dividend         cstackCOMRAM 000003
___lwmod@divisor          cstackCOMRAM 000005
___param_bank             (abs)        000000
___rparam_used            (abs)        000001
___sp                     stack        000000
__accesstop               (abs)        000060
__activetblptr            (abs)        000002
__end_of_BORRAR_LCD       text10       000CF0
__end_of_CURSOR_HOME      text9        000CE8
__end_of_CURSOR_ONOFF     text8        000C86
__end_of_ENVIA_CHAR       text15       000C26
__end_of_ENVIA_LCD_CMD    text12       000BF2
__end_of_ENVIA_NIBBLE     text17       000CC6
__end_of_ESCRIBE_MENSAJE2 text13       000B10
__end_of_INT0_ISR         intcode      0000BA
__end_of_LCD_CONFIG       text7        000AC6
__end_of_LCD_INIT         text6        000C56
__end_of_LEER_LCD         text16       000A10
__end_of_POS_CURSOR       text11       000B84
__end_of___lwdiv          text4        00099E
__end_of___lwmod          text3        000A74
__end_of__initialization  cinit        000CD2
__end_of_configuro        text5        000B4A
__end_of_convierte        text2        0008A2
__end_of_main             text0        00092A
__end_of_strlen           text14       000BBE
__end_of_tomamuestra_ADC  text1        000CAA
__initialization          cinit        000CC6
__mediumconst             mediumconst  000000
__pbssCOMRAM              bssCOMRAM    000013
__pcinit                  cinit        000CC6
__pcstackCOMRAM           cstackCOMRAM 000001
__pintcode                intcode      000008
__psmallconst             smallconst   000800
__ptext0                  text0        0008A2
__ptext1                  text1        000C86
__ptext10                 text10       000CE8
__ptext11                 text11       000B4A
__ptext12                 text12       000BBE
__ptext13                 text13       000AC6
__ptext14                 text14       000B84
__ptext15                 text15       000BF2
__ptext16                 text16       00099E
__ptext17                 text17       000CAA
__ptext2                  text2        000818
__ptext3                  text3        000A10
__ptext4                  text4        00092A
__ptext5                  text5        000B10
__ptext6                  text6        000C26
__ptext7                  text7        000A74
__ptext8                  text8        000C56
__ptext9                  text9        000CE0
__ramtop                  ramtop       000800
__smallconst              smallconst   000800
_centena                  bssCOMRAM    000017
_configuro                text5        000B10
_convierte                text2        000818
_decena                   bssCOMRAM    000016
_main                     text0        0008A2
_main$1197                cstackCOMRAM 000011
_millar                   bssCOMRAM    000018
_nivel                    bssCOMRAM    000019
_resultado_ADC            bssCOMRAM    000013
_strlen                   text14       000B84
_tomamuestra_ADC          text1        000C86
_unidad                   bssCOMRAM    000015
btemp                     temp         00001A
convierte@numero          cstackCOMRAM 00000F
end_of_initialization     cinit        000CD2
int$flags                 temp         00001A
intlevel0                 text         000000
intlevel1                 text         000000
intlevel2                 text         000000
intlevel3                 text         000000
isa$std                   (abs)        000001
isa$xinst                 (abs)        000000
stackhi                   (abs)        000000
stacklo                   (abs)        000000
start                     init         0000BA
start_initialization      cinit        000CC6
strlen@a                  cstackCOMRAM 000005
strlen@s                  cstackCOMRAM 000003
ttemp5                    temp         00001B
ttemp6                    temp         00001E
ttemp7                    temp         000022
wtemp8                    temp         00001B


MODULE INFORMATION

Module		Function		Class		Link	Load	Size
C:\Program Files\Microchip\xc8\v2.36\pic\sources\c99\common\lwmod.c
		___lwmod       		CODE           	0A10	0000	100

C:\Program Files\Microchip\xc8\v2.36\pic\sources\c99\common\lwmod.c estimated size: 100

C:\Program Files\Microchip\xc8\v2.36\pic\sources\c99\common\strlen.c
		_strlen        		CODE           	0B84	0000	58

C:\Program Files\Microchip\xc8\v2.36\pic\sources\c99\common\strlen.c estimated size: 58

C:\Program Files\Microchip\xc8\v2.36\pic\sources\c99\common\lwdiv.c
		___lwdiv       		CODE           	092A	0000	116

C:\Program Files\Microchip\xc8\v2.36\pic\sources\c99\common\lwdiv.c estimated size: 116

shared
		__initialization		CODE           	0CC6	0000	12

shared estimated size: 12

main.c
		_configuro     		CODE           	0B10	0000	58
		_main          		CODE           	08A2	0000	136
		_tomamuestra_ADC		CODE           	0C86	0000	36
		_convierte     		CODE           	0818	0000	138
		_INT0_ISR      		CODE           	0008	0000	178

main.c estimated size: 546

LCD.c
		_ENVIA_NIBBLE  		CODE           	0CAA	0000	28
		_LCD_INIT      		CODE           	0C26	0000	48
		_ENVIA_CHAR    		CODE           	0BF2	0000	52
		_CURSOR_HOME   		CODE           	0CE0	0000	8
		_CURSOR_ONOFF  		CODE           	0C56	0000	48
		_POS_CURSOR    		CODE           	0B4A	0000	58
		_ENVIA_LCD_CMD 		CODE           	0BBE	0000	52
		_LCD_CONFIG    		CODE           	0A74	0000	82
		_BORRAR_LCD    		CODE           	0CE8	0000	8
		_ESCRIBE_MENSAJE2		CODE           	0AC6	0000	74
		_LEER_LCD      		CODE           	099E	0000	114

LCD.c estimated size: 572

