Microchip MPLAB XC8 Compiler V2.36

Linker command line:

-W-3 --edf=C:\Program Files\Microchip\xc8\v2.36\pic\dat\en_msgs.txt -cn \
  -h+dist/default/production\servomotor.X.production.sym \
  --cmf=dist/default/production\servomotor.X.production.cmf -z -Q18F45K50 \
  -oC:\Users\Alumnos\AppData\Local\Temp\xcAs9a8.4 --defsym=__MPLAB_BUILD=1 \
  -Mdist/default/production/servomotor.X.production.map \
  --md=C:\Users\Alumnos\AppData\Local\Temp\xcAs9a8.dat -E1 \
  -ver=XC8 Compiler --acfsm=1493 -ACODE=00h-07FFFh -ACONST=00h-07FFFh \
  -ASMALLCONST=0800h-08FFhx120 -AMEDIUMCONST=0800h-07FFFh -ACOMRAM=01h-05Fh \
  -AABS1=00h-07FFh -ABIGRAM=01h-07FFh -ARAM=060h-0FFh,0100h-01FFhx7 \
  -ABANK0=060h-0FFh -ABANK1=0100h-01FFh -ABANK2=0200h-02FFh \
  -ABANK3=0300h-03FFh -ABANK4=0400h-04FFh -ABANK5=0500h-05FFh \
  -ABANK6=0600h-06FFh -ABANK7=0700h-07FFh -ASFR=0F53h-0F5Fh,0F60h-0FFFh \
  -ABIGSFR=0F53h-0FFFh -ACONFIG=0300000h-030000Dh -AIDLOC=0200000h-0200007h \
  -AEEDATA=0F00000h-0F000FFh -peeprom_data=EEDATA \
  -preset_vec=00h,intcode,intcodelo,powerup,init -pramtop=0800h \
  -psmallconst=SMALLCONST -pmediumconst=MEDIUMCONST -pconst=CONST \
  -AFARRAM=00h-00h \
  -prdata=COMRAM,nvrram=COMRAM,nvbit=COMRAM,rbss=COMRAM,rbit=COMRAM \
  -pfarbss=FARRAM,fardata=FARRAM,nvFARRAM=FARRAM \
  -pintsave_regs=BIGRAM,bigbss=BIGRAM,bigdata=BIGRAM -pbss=RAM \
  -pidata=CODE,irdata=CODE,ibigdata=CODE,ifardata=CODE -prparam=COMRAM \
  C:\Users\Alumnos\AppData\Local\Temp\xcAs9a8.o \
  dist/default/production\servomotor.X.production.o 

Object code version is 3.11

Machine type is 18F45K50



                Name                               Link     Load   Length Selector   Space Scale
C:\Users\Alumnos\AppData\Local\Temp\xcAs9a8.o
                idloc                            200000   200000        8        0       5
                config                           300000   300000        E        0       4
                init                                  0        0        4        0       0
dist/default/production\servomotor.X.production.o
                idloc                            200000   200000        8        0       5
                config                           300000   300000        E        0       4
                smallconst                          800      800       30      400       0
                text15                              B88      B88       16      418       0
                text14                              B6C      B6C       1C      418       0
                text13                              830      830       72      418       0
                text12                              AD8      AD8       34      418       0
                text11                              BB4      BB4        8      418       0
                text10                              BAC      BAC        8      418       0
                text9                               B3C      B3C       30      418       0
                text8                               908      908       52      418       0
                text7                               B0C      B0C       30      418       0
                text6                               9EC      9EC       44      418       0
                text5                               AA4      AA4       34      418       0
                text4                               A6A      A6A       3A      418       0
                text3                               95A      95A       4A      418       0
                text2                               A30      A30       3A      418       0
                text1                               9A4      9A4       48      418       0
                text0                               8A2      8A2       66      418       0
                cstackCOMRAM                          1        1        E        1       1
                cinit                               B9E      B9E        E      418       0

TOTAL           Name                               Link     Load   Length     Space
        CLASS   CODE           
                init                                  0        0        4         0
                text15                              B88      B88       16         0
                text14                              B6C      B6C       1C         0
                text13                              830      830       72         0
                text12                              AD8      AD8       34         0
                text11                              BB4      BB4        8         0
                text10                              BAC      BAC        8         0
                text9                               B3C      B3C       30         0
                text8                               908      908       52         0
                text7                               B0C      B0C       30         0
                text6                               9EC      9EC       44         0
                text5                               AA4      AA4       34         0
                text4                               A6A      A6A       3A         0
                text3                               95A      95A       4A         0
                text2                               A30      A30       3A         0
                text1                               9A4      9A4       48         0
                text0                               8A2      8A2       66         0
                cinit                               B9E      B9E        E         0

        CLASS   CONST          

        CLASS   SMALLCONST     
                smallconst                          800      800       30         0

        CLASS   MEDIUMCONST    

        CLASS   COMRAM         
                cstackCOMRAM                          1        1        E         1

        CLASS   ABS1           

        CLASS   BIGRAM         

        CLASS   RAM            

        CLASS   BANK0          

        CLASS   BANK1          

        CLASS   BANK2          

        CLASS   BANK3          

        CLASS   BANK4          

        CLASS   BANK5          

        CLASS   BANK6          

        CLASS   BANK7          

        CLASS   SFR            

        CLASS   BIGSFR         

        CLASS   CONFIG         
                config                           300000   300000        E         4

        CLASS   IDLOC          
                idloc                            200000   200000        8         5

        CLASS   EEDATA         

        CLASS   FARRAM         

        CLASS   HEAP           

        CLASS   STACK          



SEGMENTS        Name                           Load    Length   Top    Selector   Space  Class

                reset_vec                      000000  000004  000004         0       0  CODE    
                cstackCOMRAM                   000001  00000E  00000F         1       1  COMRAM  
                smallconst                     000800  000030  000830       400       0  SMALLCON
                text13                         000830  00038C  000BBC       418       0  CODE    


UNUSED ADDRESS RANGES

        Name                Unused          Largest block    Delta
        BANK0            000060-0000FF               A0
        BANK1            000100-0001FF              100
        BANK2            000200-0002FF              100
        BANK3            000300-0003FF              100
        BANK4            000400-0004FF              100
        BANK5            000500-0005FF              100
        BANK6            000600-0006FF              100
        BANK7            000700-0007FF              100
        BIGRAM           00000F-0007FF              7F1
        BIGSFR           000F53-000FFF               AD
        CODE             000004-0007FF              7FC
                         000BBC-007FFF             7444
        COMRAM           00000F-00005F               51
        CONST            000004-0007FF              7FC
                         000BBC-007FFF             7444
        EEDATA           F00000-F000FF              100
        MEDIUMCONST      000BBC-007FFF             7444
        RAM              000060-0007FF              100
        SFR              000F53-000FFF                D
        SMALLCONST       000BBC-007FFF              100

                                  Symbol Table

?_strlen                    cstackCOMRAM 000001
CURSOR_ONOFF@estado         cstackCOMRAM 000004
ENVIA_CHAR@aux              cstackCOMRAM 000003
ENVIA_CHAR@dato             cstackCOMRAM 000002
ENVIA_LCD_CMD@aux           cstackCOMRAM 000003
ENVIA_LCD_CMD@dato          cstackCOMRAM 000002
ENVIA_NIBBLE@dato           cstackCOMRAM 000001
ESCRIBE_MENSAJE2@cadena     cstackCOMRAM 000005
ESCRIBE_MENSAJE2@i          cstackCOMRAM 00000A
ESCRIBE_MENSAJE2@tam        cstackCOMRAM 000009
EUSART_Datasend@dato        cstackCOMRAM 000001
LEER_LCD@aux                cstackCOMRAM 000001
POS_CURSOR@columna          cstackCOMRAM 000004
POS_CURSOR@fila             cstackCOMRAM 000005
_ANSELAbits                 (abs)        000F5B
_ANSELBbits                 (abs)        000F5C
_ANSELCbits                 (abs)        000F5D
_ANSELD                     (abs)        000F5E
_ANSELE                     (abs)        000F5F
_BORRAR_LCD                 text11       000BB4
_CURSOR_HOME                text10       000BAC
_CURSOR_ONOFF               text9        000B3C
_ENVIA_CHAR                 text5        000AA4
_ENVIA_LCD_CMD              text12       000AD8
_ENVIA_NIBBLE               text14       000B6C
_ESCRIBE_MENSAJE2           text3        00095A
_EUSART_Datasend            text15       000B88
_INTCON2bits                (abs)        000FF1
_LATD                       (abs)        000F8C
_LATEbits                   (abs)        000F8D
_LCD_CONFIG                 text8        000908
_LCD_INIT                   text7        000B0C
_LEER_LCD                   text13       000830
_OSCCON                     (abs)        000FD3
_PORTBbits                  (abs)        000F81
_PORTD                      (abs)        000F83
_POS_CURSOR                 text2        000A30
_RCSTAbits                  (abs)        000FAB
_SPBRG1                     (abs)        000FAF
_SPBRGH1                    (abs)        000FB0
_TRISAbits                  (abs)        000F92
_TRISBbits                  (abs)        000F93
_TRISCbits                  (abs)        000F94
_TRISD                      (abs)        000F95
_TRISE                      (abs)        000F96
_TXREG1                     (abs)        000FAD
_TXSTAbits                  (abs)        000FAC
_WPUBbits                   (abs)        000F85
__HRAM                      (abs)        000000
__Habs1                     abs1         000000
__Hbank0                    bank0        000000
__Hbank1                    bank1        000000
__Hbank2                    bank2        000000
__Hbank3                    bank3        000000
__Hbank4                    bank4        000000
__Hbank5                    bank5        000000
__Hbank6                    bank6        000000
__Hbank7                    bank7        000000
__Hbigbss                   bigbss       000000
__Hbigdata                  bigdata      000000
__Hbigram                   bigram       000000
__Hbigsfr                   bigsfr       000000
__Hbss                      bss          000000
__Hcinit                    cinit        000000
__Hclrtext                  clrtext      000000
__Hcomram                   comram       000000
__Hconfig                   config       30000E
__Hconst                    const        000000
__HcstackCOMRAM             cstackCOMRAM 000000
__Hdata                     data         000000
__Heeprom_data              eeprom_data  000000
__Hfarbss                   farbss       000000
__Hfardata                  fardata      000000
__Hheap                     heap         000000
__Hibigdata                 ibigdata     000000
__Hidata                    idata        000000
__Hidloc                    idloc        200008
__Hifardata                 ifardata     000000
__Hinit                     init         000004
__Hintcode                  intcode      000000
__Hintcode_body             intcode_body 000000
__Hintcodelo                intcodelo    000000
__Hintentry                 intentry     000000
__Hintret                   intret       000000
__Hintsave_regs             intsave_regs 000000
__Hirdata                   irdata       000000
__Hmediumconst              mediumconst  000000
__HnvFARRAM                 nvFARRAM     000000
__Hnvbit                    nvbit        000000
__Hnvrram                   nvrram       000000
__Hparam                    rparam       000000
__Hpowerup                  powerup      000000
__Hram                      ram          000000
__Hramtop                   ramtop       000800
__Hrbit                     rbit         000000
__Hrbss                     rbss         000000
__Hrdata                    rdata        000000
__Hreset_vec                reset_vec    000000
__Hrparam                   rparam       000000
__Hsfr                      sfr          000000
__Hsmallconst               smallconst   000830
__Hspace_0                  (abs)        000BBC
__Hspace_1                  (abs)        00000F
__Hspace_2                  (abs)        000000
__Hspace_4                  (abs)        60000E
__Hstack                    stack        000000
__Hstruct                   struct       000000
__Htemp                     temp         000000
__Htext                     text         000000
__Htext0                    text0        000000
__Htext1                    text1        000000
__Htext10                   text10       000000
__Htext11                   text11       000000
__Htext12                   text12       000000
__Htext13                   text13       000000
__Htext14                   text14       000000
__Htext15                   text15       000000
__Htext2                    text2        000000
__Htext3                    text3        000000
__Htext4                    text4        000000
__Htext5                    text5        000000
__Htext6                    text6        000000
__Htext7                    text7        000000
__Htext8                    text8        000000
__Htext9                    text9        000000
__LRAM                      (abs)        000001
__Labs1                     abs1         000000
__Lbank0                    bank0        000000
__Lbank1                    bank1        000000
__Lbank2                    bank2        000000
__Lbank3                    bank3        000000
__Lbank4                    bank4        000000
__Lbank5                    bank5        000000
__Lbank6                    bank6        000000
__Lbank7                    bank7        000000
__Lbigbss                   bigbss       000000
__Lbigdata                  bigdata      000000
__Lbigram                   bigram       000000
__Lbigsfr                   bigsfr       000000
__Lbss                      bss          000000
__Lcinit                    cinit        000000
__Lclrtext                  clrtext      000000
__Lcomram                   comram       000000
__Lconfig                   config       000000
__Lconst                    const        000000
__LcstackCOMRAM             cstackCOMRAM 000000
__Ldata                     data         000000
__Leeprom_data              eeprom_data  000000
__Lfarbss                   farbss       000000
__Lfardata                  fardata      000000
__Lheap                     heap         000000
__Libigdata                 ibigdata     000000
__Lidata                    idata        000000
__Lidloc                    idloc        000000
__Lifardata                 ifardata     000000
__Linit                     init         000000
__Lintcode                  intcode      000000
__Lintcode_body             intcode_body 000000
__Lintcodelo                intcodelo    000000
__Lintentry                 intentry     000000
__Lintret                   intret       000000
__Lintsave_regs             intsave_regs 000000
__Lirdata                   irdata       000000
__Lmediumconst              mediumconst  000000
__LnvFARRAM                 nvFARRAM     000000
__Lnvbit                    nvbit        000000
__Lnvrram                   nvrram       000000
__Lparam                    rparam       000000
__Lpowerup                  powerup      000000
__Lram                      ram          000000
__Lramtop                   ramtop       000800
__Lrbit                     rbit         000000
__Lrbss                     rbss         000000
__Lrdata                    rdata        000000
__Lreset_vec                reset_vec    000000
__Lrparam                   rparam       000000
__Lsfr                      sfr          000000
__Lsmallconst               smallconst   000800
__Lspace_0                  (abs)        000000
__Lspace_1                  (abs)        000000
__Lspace_2                  (abs)        000000
__Lspace_4                  (abs)        000000
__Lstack                    stack        000000
__Lstruct                   struct       000000
__Ltemp                     temp         000000
__Ltext                     text         000000
__Ltext0                    text0        000000
__Ltext1                    text1        000000
__Ltext10                   text10       000000
__Ltext11                   text11       000000
__Ltext12                   text12       000000
__Ltext13                   text13       000000
__Ltext14                   text14       000000
__Ltext15                   text15       000000
__Ltext2                    text2        000000
__Ltext3                    text3        000000
__Ltext4                    text4        000000
__Ltext5                    text5        000000
__Ltext6                    text6        000000
__Ltext7                    text7        000000
__Ltext8                    text8        000000
__Ltext9                    text9        000000
__S0                        (abs)        000BBC
__S1                        (abs)        00000F
__S4                        (abs)        000000
__S5                        (abs)        000000
___heap_hi                  (abs)        000000
___heap_lo                  (abs)        000000
___inthi_sp                 stack        000000
___intlo_sp                 stack        000000
___param_bank               (abs)        000000
___rparam_used              (abs)        000001
___sp                       stack        000000
__accesstop                 (abs)        000060
__activetblptr              (abs)        000001
__end_of_BORRAR_LCD         text11       000BBC
__end_of_CURSOR_HOME        text10       000BB4
__end_of_CURSOR_ONOFF       text9        000B6C
__end_of_ENVIA_CHAR         text5        000AD8
__end_of_ENVIA_LCD_CMD      text12       000B0C
__end_of_ENVIA_NIBBLE       text14       000B88
__end_of_ESCRIBE_MENSAJE2   text3        0009A4
__end_of_EUSART_Datasend    text15       000B9E
__end_of_LCD_CONFIG         text8        00095A
__end_of_LCD_INIT           text7        000B3C
__end_of_LEER_LCD           text13       0008A2
__end_of_POS_CURSOR         text2        000A6A
__end_of__initialization    cinit        000B9E
__end_of_configuro          text6        000A30
__end_of_main               text0        000908
__end_of_pantallazo_inicial text1        0009EC
__end_of_strlen             text4        000AA4
__initialization            cinit        000B9E
__mediumconst               mediumconst  000000
__pcinit                    cinit        000B9E
__pcstackCOMRAM             cstackCOMRAM 000001
__psmallconst               smallconst   000800
__ptext0                    text0        0008A2
__ptext1                    text1        0009A4
__ptext10                   text10       000BAC
__ptext11                   text11       000BB4
__ptext12                   text12       000AD8
__ptext13                   text13       000830
__ptext14                   text14       000B6C
__ptext15                   text15       000B88
__ptext2                    text2        000A30
__ptext3                    text3        00095A
__ptext4                    text4        000A6A
__ptext5                    text5        000AA4
__ptext6                    text6        0009EC
__ptext7                    text7        000B0C
__ptext8                    text8        000908
__ptext9                    text9        000B3C
__ramtop                    ramtop       000800
__smallconst                smallconst   000800
_configuro                  text6        0009EC
_main                       text0        0008A2
_pantallazo_inicial         text1        0009A4
_strlen                     text4        000A6A
end_of_initialization       cinit        000B9E
intlevel0                   text         000000
intlevel1                   text         000000
intlevel2                   text         000000
intlevel3                   text         000000
isa$std                     (abs)        000001
isa$xinst                   (abs)        000000
stackhi                     (abs)        000000
stacklo                     (abs)        000000
start                       init         000000
start_initialization        cinit        000B9E
strlen@a                    cstackCOMRAM 000003
strlen@s                    cstackCOMRAM 000001


MODULE INFORMATION

Module		Function		Class		Link	Load	Size
C:\Program Files\Microchip\xc8\v2.36\pic\sources\c99\common\strlen.c
		_strlen        		CODE           	0A6A	0000	58

C:\Program Files\Microchip\xc8\v2.36\pic\sources\c99\common\strlen.c estimated size: 58

shared
		__initialization		CODE           	0B9E	0000	1

shared estimated size: 1

main.c
		_configuro     		CODE           	09EC	0000	68
		_main          		CODE           	08A2	0000	102
		_pantallazo_inicial		CODE           	09A4	0000	72
		_EUSART_Datasend		CODE           	0B88	0000	22

main.c estimated size: 264

LCD.c
		_ENVIA_NIBBLE  		CODE           	0B6C	0000	28
		_LCD_INIT      		CODE           	0B0C	0000	48
		_ENVIA_CHAR    		CODE           	0AA4	0000	52
		_CURSOR_HOME   		CODE           	0BAC	0000	8
		_CURSOR_ONOFF  		CODE           	0B3C	0000	48
		_POS_CURSOR    		CODE           	0A30	0000	58
		_ENVIA_LCD_CMD 		CODE           	0AD8	0000	52
		_LCD_CONFIG    		CODE           	0908	0000	82
		_BORRAR_LCD    		CODE           	0BB4	0000	8
		_ESCRIBE_MENSAJE2		CODE           	095A	0000	74
		_LEER_LCD      		CODE           	0830	0000	114

LCD.c estimated size: 572

