Microchip MPLAB XC8 Compiler V2.41

Linker command line:

-W-3 \
  --edf=C:\Program Files\Microchip\xc8\v2.41\pic\dat\20230208172133_en.msgs \
  -cn -h+dist/default/production\BASICO.X.production.sym \
  --cmf=dist/default/production\BASICO.X.production.cmf -z -Q18F45K50 \
  -oC:\Users\ANTHONY\AppData\Local\Temp\xcBs660.1\driver_tmp_3.o \
  --defsym=__MPLAB_BUILD=1 --fixupoverflow=error \
  -Mdist/default/production/BASICO.X.production.map \
  --md=C:\Users\ANTHONY\AppData\Local\Temp\xcBs660.1\driver_tmp_0.dat -E1 \
  -ver=XC8 Compiler --acfsm=1493 -ACODE=00h-07FFFh -ACONST=00h-07FFFh \
  -ASMALLCONST=0800h-08FFhx120 -AMEDIUMCONST=0800h-07FFFh -ACOMRAM=01h-05Fh \
  -AABS1=00h-07FFh -ABIGRAM=01h-07FFh -ARAM=060h-0FFh,0100h-01FFhx7 \
  -ABANK0=060h-0FFh -ABANK1=0100h-01FFh -ABANK2=0200h-02FFh \
  -ABANK3=0300h-03FFh -ABANK4=0400h-04FFh -ABANK5=0500h-05FFh \
  -ABANK6=0600h-06FFh -ABANK7=0700h-07FFh -ASFR=0F53h-0F5Fh,0F60h-0FFFh \
  -ABIGSFR=0F53h-0FFFh -ACONFIG=0300000h-030000Dh -AIDLOC=0200000h-0200007h \
  -AEEDATA=0F00000h-0F000FFh -peeprom_data=EEDATA \
  -preset_vec=00h,intcode=08h,intcodelo,powerup,init -pramtop=0800h \
  -psmallconst=SMALLCONST -pmediumconst=MEDIUMCONST -pconst=CONST \
  -AFARRAM=00h-00h \
  -prdata=COMRAM,nvrram=COMRAM,nvbit=COMRAM,rbss=COMRAM,rbit=COMRAM \
  -pfarbss=FARRAM,fardata=FARRAM,nvFARRAM=FARRAM \
  -pintsave_regs=BIGRAM,bigbss=BIGRAM,bigdata=BIGRAM -pbss=RAM \
  -pidata=CODE,irdata=CODE,ibigdata=CODE,ifardata=CODE -prparam=COMRAM \
  C:\Users\ANTHONY\AppData\Local\Temp\xcBs660.1\driver_tmp_9.o \
  dist/default/production\BASICO.X.production.o 

Object code version is 3.11

Machine type is 18F45K50



                Name                               Link     Load   Length Selector   Space Scale
C:\Users\ANTHONY\AppData\Local\Temp\xcBs660.1\driver_tmp_9.o
                idloc                            200000   200000        8        0       5
                config                           300000   300000        E        0       4
                init                                 46       46        4        4       0
                reset_vec                             0        0        4        0       0
dist/default/production\BASICO.X.production.o
                intcode                               8        8       3E        4       0
                idloc                            200000   200000        8        0       5
                config                           300000   300000        E        0       4
                temp                                 24       24        1        1       1
                smallconst                          800      800       22      400       0
                text24                              E6E      E6E       1C      411       0
                text23                              9BE      9BE       72      411       0
                text22                              DA0      DA0       34      411       0
                text21                              C94      C94       3A      411       0
                text20                              B9C      B9C       4A      411       0
                text19                              D6C      D6C       34      411       0
                text18                              C5A      C5A       3A      411       0
                text16                              E52      E52       1C      411       0
                text15                              94C      94C       72      411       0
                text14                              D38      D38       34      411       0
                text13                              C20      C20       3A      411       0
                text12                              B52      B52       4A      411       0
                text11                              D04      D04       34      411       0
                text10                              BE6      BE6       3A      411       0
                text9                               E92      E92        8      411       0
                text8                               E8A      E8A        8      411       0
                text7                               E04      E04       30      411       0
                text6                               B00      B00       52      411       0
                text5                               DD4      DD4       30      411       0
                text4                               CCE      CCE       36      411       0
                text3                               8D8      8D8       74      411       0
                text2                               A9C      A9C       64      411       0
                text1                               822      822       B6      411       0
                text0                               A30      A30       6C      411       0
                cstackCOMRAM                          1        1       1C        1       1
                bssCOMRAM                            1D       1D        7        1       1
                cinit                               E34      E34       1E      411       0

TOTAL           Name                               Link     Load   Length     Space
        CLASS   CODE           
                intcode                               8        8       3E         0
                init                                 46       46        4         0
                reset_vec                             0        0        4         0
                text24                              E6E      E6E       1C         0
                text23                              9BE      9BE       72         0
                text22                              DA0      DA0       34         0
                text21                              C94      C94       3A         0
                text20                              B9C      B9C       4A         0
                text19                              D6C      D6C       34         0
                text18                              C5A      C5A       3A         0
                text16                              E52      E52       1C         0
                text15                              94C      94C       72         0
                text14                              D38      D38       34         0
                text13                              C20      C20       3A         0
                text12                              B52      B52       4A         0
                text11                              D04      D04       34         0
                text10                              BE6      BE6       3A         0
                text9                               E92      E92        8         0
                text8                               E8A      E8A        8         0
                text7                               E04      E04       30         0
                text6                               B00      B00       52         0
                text5                               DD4      DD4       30         0
                text4                               CCE      CCE       36         0
                text3                               8D8      8D8       74         0
                text2                               A9C      A9C       64         0
                text1                               822      822       B6         0
                text0                               A30      A30       6C         0
                cinit                               E34      E34       1E         0

        CLASS   CONST          

        CLASS   SMALLCONST     
                smallconst                          800      800       22         0

        CLASS   MEDIUMCONST    

        CLASS   COMRAM         
                temp                                 24       24        1         1
                cstackCOMRAM                          1        1       1C         1
                bssCOMRAM                            1D       1D        7         1

        CLASS   ABS1           

        CLASS   BIGRAM         

        CLASS   RAM            

        CLASS   BANK0          

        CLASS   BANK1          

        CLASS   BANK2          

        CLASS   BANK3          

        CLASS   BANK4          

        CLASS   BANK5          

        CLASS   BANK6          

        CLASS   BANK7          

        CLASS   SFR            

        CLASS   BIGSFR         

        CLASS   CONFIG         
                config                           300000   300000        E         4

        CLASS   IDLOC          
                idloc                            200000   200000        8         5

        CLASS   EEDATA         

        CLASS   FARRAM         

        CLASS   HEAP           

        CLASS   STACK          



SEGMENTS        Name                           Load    Length   Top    Selector   Space  Class

                reset_vec                      000000  000004  000004         0       0  CODE    
                cstackCOMRAM                   000001  000024  000025         1       1  COMRAM  
                intcode                        000008  000042  00004A         4       0  CODE    
                smallconst                     000800  000022  000822       400       0  SMALLCON
                text1                          000822  000678  000E9A       411       0  CODE    


UNUSED ADDRESS RANGES

        Name                Unused          Largest block    Delta
        BANK0            000060-0000FF               A0
        BANK1            000100-0001FF              100
        BANK2            000200-0002FF              100
        BANK3            000300-0003FF              100
        BANK4            000400-0004FF              100
        BANK5            000500-0005FF              100
        BANK6            000600-0006FF              100
        BANK7            000700-0007FF              100
        BIGRAM           000025-0007FF              7DB
        BIGSFR           000F53-000FFF               AD
        CODE             000004-000007                4
                         00004A-0007FF              7B6
                         000E9A-007FFF             7166
        COMRAM           000025-00005F               3B
        CONST            000004-000007                4
                         00004A-0007FF              7B6
                         000E9A-007FFF             7166
        EEDATA           F00000-F000FF              100
        MEDIUMCONST      000E9A-007FFF             7166
        RAM              000060-0007FF              100
        SFR              000F53-000FFF                D
        SMALLCONST       000E9A-007FFF              100

                                  Symbol Table

?___lwdiv                   cstackCOMRAM 000014
?___lwmod                   cstackCOMRAM 00000F
?_strlen                    cstackCOMRAM 00000F
?i2_strlen                  cstackCOMRAM 000001
CURSOR_ONOFF@estado         cstackCOMRAM 000012
ENVIA_CHAR@aux              cstackCOMRAM 000011
ENVIA_CHAR@dato             cstackCOMRAM 000010
ENVIA_LCD_CMD@aux           cstackCOMRAM 000011
ENVIA_LCD_CMD@dato          cstackCOMRAM 000010
ENVIA_NIBBLE@dato           cstackCOMRAM 00000F
ESCRIBE_MENSAJE2@cadena     cstackCOMRAM 000013
ESCRIBE_MENSAJE2@i          cstackCOMRAM 000018
ESCRIBE_MENSAJE2@tam        cstackCOMRAM 000017
LEER_LCD@aux                cstackCOMRAM 00000F
POS_CURSOR@columna          cstackCOMRAM 000012
POS_CURSOR@fila             cstackCOMRAM 000013
_ANSELD                     (abs)        000F5E
_BORRAR_LCD                 text9        000E92
_CCP2CON                    (abs)        000F97
_CCPR2                      (abs)        000F90
_CCPTMRSbits                (abs)        000F59
_CURSOR_HOME                text8        000E8A
_CURSOR_ONOFF               text7        000E04
_ENVIA_CHAR                 text14       000D38
_ENVIA_LCD_CMD              text11       000D04
_ENVIA_NIBBLE               text16       000E52
_ESCRIBE_MENSAJE2           text12       000B52
_INTCONbits                 (abs)        000FF2
_INT_CCP2                   intcode      000008
_LATD                       (abs)        000F8C
_LATDbits                   (abs)        000F8C
_LCD_CONFIG                 text6        000B00
_LCD_INIT                   text5        000DD4
_LEER_LCD                   text15       00094C
_OSCCON                     (abs)        000FD3
_PIE2bits                   (abs)        000FA0
_PIR2bits                   (abs)        000FA1
_PORTD                      (abs)        000F83
_POS_CURSOR                 text10       000BE6
_T3CON                      (abs)        000FB1
_T3CONbits                  (abs)        000FB1
_TMR3                       (abs)        000FB2
_TRISCbits                  (abs)        000F94
_TRISD                      (abs)        000F95
__HRAM                      (abs)        000000
__H__absolute__             __absolute__ 000000
__Habs1                     abs1         000000
__Hbank0                    bank0        000000
__Hbank1                    bank1        000000
__Hbank2                    bank2        000000
__Hbank3                    bank3        000000
__Hbank4                    bank4        000000
__Hbank5                    bank5        000000
__Hbank6                    bank6        000000
__Hbank7                    bank7        000000
__Hbigbss                   bigbss       000000
__Hbigdata                  bigdata      000000
__Hbigram                   bigram       000000
__Hbigsfr                   bigsfr       000000
__Hbss                      bss          000000
__HbssCOMRAM                bssCOMRAM    000000
__Hcinit                    cinit        000000
__Hclrtext                  clrtext      000000
__Hcomram                   comram       000000
__Hconfig                   config       30000E
__Hconst                    const        000000
__HcstackCOMRAM             cstackCOMRAM 000000
__Hdata                     data         000000
__Heeprom_data              eeprom_data  000000
__Hfarbss                   farbss       000000
__Hfardata                  fardata      000000
__Hheap                     heap         000000
__Hibigdata                 ibigdata     000000
__Hidata                    idata        000000
__Hidloc                    idloc        200008
__Hifardata                 ifardata     000000
__Hinit                     init         00004A
__Hintcode                  intcode      000046
__Hintcode_body             intcode_body 000000
__Hintcodelo                intcodelo    000046
__Hintentry                 intentry     000000
__Hintret                   intret       000000
__Hintsave_regs             intsave_regs 000000
__Hirdata                   irdata       000000
__Hmediumconst              mediumconst  000000
__HnvFARRAM                 nvFARRAM     000000
__Hnvbit                    nvbit        000000
__Hnvrram                   nvrram       000000
__Hparam                    rparam       000000
__Hpowerup                  powerup      000046
__Hram                      ram          000000
__Hramtop                   ramtop       000800
__Hrbit                     rbit         000000
__Hrbss                     rbss         000000
__Hrdata                    rdata        000000
__Hreset_vec                reset_vec    000004
__Hrparam                   rparam       000000
__Hsfr                      sfr          000000
__Hsmallconst               smallconst   000822
__Hspace_0                  (abs)        000E9A
__Hspace_1                  (abs)        000025
__Hspace_2                  (abs)        000000
__Hspace_4                  (abs)        60000E
__Hstack                    stack        000000
__Hstruct                   struct       000000
__Htemp                     temp         000025
__Htext                     text         000000
__Htext0                    text0        000000
__Htext1                    text1        000000
__Htext10                   text10       000000
__Htext11                   text11       000000
__Htext12                   text12       000000
__Htext13                   text13       000000
__Htext14                   text14       000000
__Htext15                   text15       000000
__Htext16                   text16       000000
__Htext18                   text18       000000
__Htext19                   text19       000000
__Htext2                    text2        000000
__Htext20                   text20       000000
__Htext21                   text21       000000
__Htext22                   text22       000000
__Htext23                   text23       000000
__Htext24                   text24       000000
__Htext3                    text3        000000
__Htext4                    text4        000000
__Htext5                    text5        000000
__Htext6                    text6        000000
__Htext7                    text7        000000
__Htext8                    text8        000000
__Htext9                    text9        000000
__LRAM                      (abs)        000001
__L__absolute__             __absolute__ 000000
__Labs1                     abs1         000000
__Lbank0                    bank0        000000
__Lbank1                    bank1        000000
__Lbank2                    bank2        000000
__Lbank3                    bank3        000000
__Lbank4                    bank4        000000
__Lbank5                    bank5        000000
__Lbank6                    bank6        000000
__Lbank7                    bank7        000000
__Lbigbss                   bigbss       000000
__Lbigdata                  bigdata      000000
__Lbigram                   bigram       000000
__Lbigsfr                   bigsfr       000000
__Lbss                      bss          000000
__LbssCOMRAM                bssCOMRAM    000000
__Lcinit                    cinit        000000
__Lclrtext                  clrtext      000000
__Lcomram                   comram       000000
__Lconfig                   config       000000
__Lconst                    const        000000
__LcstackCOMRAM             cstackCOMRAM 000000
__Ldata                     data         000000
__Leeprom_data              eeprom_data  000000
__Lfarbss                   farbss       000000
__Lfardata                  fardata      000000
__Lheap                     heap         000000
__Libigdata                 ibigdata     000000
__Lidata                    idata        000000
__Lidloc                    idloc        000000
__Lifardata                 ifardata     000000
__Linit                     init         000046
__Lintcode                  intcode      000008
__Lintcode_body             intcode_body 000000
__Lintcodelo                intcodelo    000046
__Lintentry                 intentry     000000
__Lintret                   intret       000000
__Lintsave_regs             intsave_regs 000000
__Lirdata                   irdata       000000
__Lmediumconst              mediumconst  000000
__LnvFARRAM                 nvFARRAM     000000
__Lnvbit                    nvbit        000000
__Lnvrram                   nvrram       000000
__Lparam                    rparam       000000
__Lpowerup                  powerup      000046
__Lram                      ram          000000
__Lramtop                   ramtop       000800
__Lrbit                     rbit         000000
__Lrbss                     rbss         000000
__Lrdata                    rdata        000000
__Lreset_vec                reset_vec    000000
__Lrparam                   rparam       000000
__Lsfr                      sfr          000000
__Lsmallconst               smallconst   000800
__Lspace_0                  (abs)        000000
__Lspace_1                  (abs)        000000
__Lspace_2                  (abs)        000000
__Lspace_4                  (abs)        000000
__Lstack                    stack        000000
__Lstruct                   struct       000000
__Ltemp                     temp         000024
__Ltext                     text         000000
__Ltext0                    text0        000000
__Ltext1                    text1        000000
__Ltext10                   text10       000000
__Ltext11                   text11       000000
__Ltext12                   text12       000000
__Ltext13                   text13       000000
__Ltext14                   text14       000000
__Ltext15                   text15       000000
__Ltext16                   text16       000000
__Ltext18                   text18       000000
__Ltext19                   text19       000000
__Ltext2                    text2        000000
__Ltext20                   text20       000000
__Ltext21                   text21       000000
__Ltext22                   text22       000000
__Ltext23                   text23       000000
__Ltext24                   text24       000000
__Ltext3                    text3        000000
__Ltext4                    text4        000000
__Ltext5                    text5        000000
__Ltext6                    text6        000000
__Ltext7                    text7        000000
__Ltext8                    text8        000000
__Ltext9                    text9        000000
__S0                        (abs)        000E9A
__S1                        (abs)        000025
__S4                        (abs)        000000
__S5                        (abs)        000000
___heap_hi                  (abs)        000000
___heap_lo                  (abs)        000000
___inthi_sp                 stack        000000
___intlo_sp                 stack        000000
___lwdiv                    text3        0008D8
___lwdiv@counter            cstackCOMRAM 00001A
___lwdiv@dividend           cstackCOMRAM 000014
___lwdiv@divisor            cstackCOMRAM 000016
___lwdiv@quotient           cstackCOMRAM 000018
___lwmod                    text2        000A9C
___lwmod@counter            cstackCOMRAM 000013
___lwmod@dividend           cstackCOMRAM 00000F
___lwmod@divisor            cstackCOMRAM 000011
___param_bank               (abs)        000000
___rparam_used              (abs)        000001
___sp                       stack        000000
__accesstop                 (abs)        000060
__activetblptr              (abs)        000001
__end_of_BORRAR_LCD         text9        000E9A
__end_of_CURSOR_HOME        text8        000E92
__end_of_CURSOR_ONOFF       text7        000E34
__end_of_ENVIA_CHAR         text14       000D6C
__end_of_ENVIA_LCD_CMD      text11       000D38
__end_of_ENVIA_NIBBLE       text16       000E6E
__end_of_ESCRIBE_MENSAJE2   text12       000B9C
__end_of_INT_CCP2           intcode      000046
__end_of_LCD_CONFIG         text6        000B52
__end_of_LCD_INIT           text5        000E04
__end_of_LEER_LCD           text15       0009BE
__end_of_POS_CURSOR         text10       000C20
__end_of___lwdiv            text3        00094C
__end_of___lwmod            text2        000B00
__end_of__initialization    cinit        000E40
__end_of_configuro          text4        000D04
__end_of_convierte          text1        0008D8
__end_of_main               text0        000A9C
__end_of_strlen             text13       000C5A
__end_ofi2_ENVIA_CHAR       text22       000DD4
__end_ofi2_ENVIA_LCD_CMD    text19       000DA0
__end_ofi2_ENVIA_NIBBLE     text24       000E8A
__end_ofi2_ESCRIBE_MENSAJE2 text20       000BE6
__end_ofi2_LEER_LCD         text23       000A30
__end_ofi2_POS_CURSOR       text18       000C94
__end_ofi2_strlen           text21       000CCE
__initialization            cinit        000E34
__mediumconst               mediumconst  000000
__pbssCOMRAM                bssCOMRAM    00001D
__pcinit                    cinit        000E34
__pcstackCOMRAM             cstackCOMRAM 000001
__pintcode                  intcode      000008
__psmallconst               smallconst   000800
__ptext0                    text0        000A30
__ptext1                    text1        000822
__ptext10                   text10       000BE6
__ptext11                   text11       000D04
__ptext12                   text12       000B52
__ptext13                   text13       000C20
__ptext14                   text14       000D38
__ptext15                   text15       00094C
__ptext16                   text16       000E52
__ptext18                   text18       000C5A
__ptext19                   text19       000D6C
__ptext2                    text2        000A9C
__ptext20                   text20       000B9C
__ptext21                   text21       000C94
__ptext22                   text22       000DA0
__ptext23                   text23       0009BE
__ptext24                   text24       000E6E
__ptext3                    text3        0008D8
__ptext4                    text4        000CCE
__ptext5                    text5        000DD4
__ptext6                    text6        000B00
__ptext7                    text7        000E04
__ptext8                    text8        000E8A
__ptext9                    text9        000E92
__ramtop                    ramtop       000800
__smallconst                smallconst   000800
_centena                    bssCOMRAM    000021
_configuro                  text4        000CCE
_convierte                  text1        000822
_count                      bssCOMRAM    00001D
_dec_mil                    bssCOMRAM    000023
_decena                     bssCOMRAM    000020
_main                       text0        000A30
_millar                     bssCOMRAM    000022
_strlen                     text13       000C20
_unidad                     bssCOMRAM    00001F
btemp                       temp         000024
convierte@numero            cstackCOMRAM 00001B
end_of_initialization       cinit        000E40
i2ENVIA_CHAR@aux            cstackCOMRAM 000003
i2ENVIA_CHAR@dato           cstackCOMRAM 000002
i2ENVIA_LCD_CMD@aux         cstackCOMRAM 000003
i2ENVIA_LCD_CMD@dato        cstackCOMRAM 000002
i2ENVIA_NIBBLE@dato         cstackCOMRAM 000001
i2ESCRIBE_MENSAJE2@cadena   cstackCOMRAM 000005
i2ESCRIBE_MENSAJE2@i        cstackCOMRAM 00000A
i2ESCRIBE_MENSAJE2@tam      cstackCOMRAM 000009
i2LEER_LCD@aux              cstackCOMRAM 000001
i2POS_CURSOR@columna        cstackCOMRAM 000004
i2POS_CURSOR@fila           cstackCOMRAM 000005
i2_ENVIA_CHAR               text22       000DA0
i2_ENVIA_LCD_CMD            text19       000D6C
i2_ENVIA_NIBBLE             text24       000E6E
i2_ESCRIBE_MENSAJE2         text20       000B9C
i2_LEER_LCD                 text23       0009BE
i2_POS_CURSOR               text18       000C5A
i2_strlen                   text21       000C94
i2strlen@a                  cstackCOMRAM 000003
i2strlen@s                  cstackCOMRAM 000001
int$flags                   temp         000024
intlevel0                   text         000000
intlevel1                   text         000000
intlevel2                   text         000000
intlevel3                   text         000000
isa$std                     (abs)        000001
isa$xinst                   (abs)        000000
stackhi                     (abs)        000000
stacklo                     (abs)        000000
start                       init         000046
start_initialization        cinit        000E34
strlen@a                    cstackCOMRAM 000011
strlen@s                    cstackCOMRAM 00000F
ttemp5                      temp         000025
ttemp6                      temp         000028
ttemp7                      temp         00002C
wtemp8                      temp         000025


MODULE INFORMATION

Module		Function		Class		Link	Load	Size
CPP_compare.c
		_configuro     		CODE           	0CCE	0000	54
		_main          		CODE           	0A30	0000	108
		_convierte     		CODE           	0822	0000	182
		_INT_CCP2      		CODE           	0008	0000	62

CPP_compare.c estimated size: 406

C:\Program Files\Microchip\xc8\v2.41\pic\sources\c99\common\strlen.c
		_strlen        		CODE           	0C20	0000	58

C:\Program Files\Microchip\xc8\v2.41\pic\sources\c99\common\strlen.c estimated size: 58

C:\Program Files\Microchip\xc8\v2.41\pic\sources\c99\common\lwdiv.c
		___lwdiv       		CODE           	08D8	0000	116

C:\Program Files\Microchip\xc8\v2.41\pic\sources\c99\common\lwdiv.c estimated size: 116

shared
		i2_POS_CURSOR  		CODE           	0C5A	0000	58
		i2_ENVIA_CHAR  		CODE           	0DA0	0000	52
		i2_ENVIA_NIBBLE		CODE           	0E6E	0000	28
		i2_LEER_LCD    		CODE           	09BE	0000	114
		i2_ESCRIBE_MENSAJE2		CODE           	0B9C	0000	74
		i2_ENVIA_LCD_CMD		CODE           	0D6C	0000	52
		__initialization		CODE           	0E34	0000	12
		i2_strlen      		CODE           	0C94	0000	58

shared estimated size: 448

C:\Program Files\Microchip\xc8\v2.41\pic\sources\c99\common\lwmod.c
		___lwmod       		CODE           	0A9C	0000	100

C:\Program Files\Microchip\xc8\v2.41\pic\sources\c99\common\lwmod.c estimated size: 100

LCD.c
		_ENVIA_NIBBLE  		CODE           	0E52	0000	28
		_LCD_INIT      		CODE           	0DD4	0000	48
		_ENVIA_CHAR    		CODE           	0D38	0000	52
		_CURSOR_HOME   		CODE           	0E8A	0000	8
		_CURSOR_ONOFF  		CODE           	0E04	0000	48
		_POS_CURSOR    		CODE           	0BE6	0000	58
		_ENVIA_LCD_CMD 		CODE           	0D04	0000	52
		_LCD_CONFIG    		CODE           	0B00	0000	82
		_BORRAR_LCD    		CODE           	0E92	0000	8
		_ESCRIBE_MENSAJE2		CODE           	0B52	0000	74
		_LEER_LCD      		CODE           	094C	0000	114

LCD.c estimated size: 572

